%{
  integer: 69420,
  list: ["apple", "banana", "orange"],
  date: ~D[2023-07-15],
  float: 3.141592654,
  time: ~T[21:00:00.000],
  string: "This is a string.",
  map: %{1 => "foo", "key" => "value"},
  tuple: {:ok, 200},
  keyword: [a: 1, b: 2, c: 3],
  datetime: ~U[2023-07-15 21:00:00.000Z]
}
